{"data":{"nextOffset":21,"content":[{"id":5535,"adType":16,"name":"ÿ�ܾ�ѡ213","tpData":"6009|662,1|ϵͳ,�̳�,2|ϵͳ,�̳�,3|ϵͳ,�̳�","imageUrl":"http://img.25pp.com/uploadfile/poster/images/2014/1220/20141220052152636.png","listorder":10,"positionNo":10,"resourceType":13}]},"id":"100","state":{"code":2000000,"msg":"Ok","tips":""}}